# B-2 proof-of-proof: shape-derived key restored, wiring tests must FAIL
# command: PYTHONPATH=src python3 -m pytest tests/wiring/test_journaled_broker_idempotency.py -p no:randomly --no-cov -q
# recorded: 2026-10-03T16:55:03Z

============================= test session starts ==============================
platform linux -- Python 3.14.4, pytest-9.1.1, pluggy-1.6.0
rootdir: /home/daniel-muhoro/workspace/projects/TraderOS
configfile: pyproject.toml
plugins: anyio-4.14.2, cov-7.1.0, typeguard-4.4.4
collected 13 items

tests/wiring/test_journaled_broker_idempotency.py F......F.FFFF          [100%]

=================================== FAILURES ===================================
_____ TestB2DistinctIntentSubmits.test_second_flatten_of_same_size_submits _____
tests/wiring/test_journaled_broker_idempotency.py:99: in test_second_flatten_of_same_size_submits
    assert len(inner.submits) == 2, (
E   AssertionError: two distinct flatten intents must both submit; broker saw 1
E   assert 1 == 2
E    +  where 1 = len(['1'])
E    +    where ['1'] = <test_journaled_broker_idempotency._CountingBroker object at 0x75886b38cc20>.submits
_ TestB2NoClientOrderIdStillUniquePerCall.test_consecutive_idempotent_flatten_calls_both_submit _
tests/wiring/test_journaled_broker_idempotency.py:213: in test_consecutive_idempotent_flatten_calls_both_submit
    assert len(inner.submits) == 3
E   AssertionError: assert 1 == 3
E    +  where 1 = len(['1'])
E    +    where ['1'] = <test_journaled_broker_idempotency._CountingBroker object at 0x75886b3a6750>.submits
______________ test_b2_arbitrary_quantities_do_not_collide[0.001] ______________
tests/wiring/test_journaled_broker_idempotency.py:231: in test_b2_arbitrary_quantities_do_not_collide
    assert len(inner.submits) == 2, f"collision at quantity={quantity}"
E   AssertionError: collision at quantity=0.001
E   assert 1 == 2
E    +  where 1 = len(['1'])
E    +    where ['1'] = <test_journaled_broker_idempotency._CountingBroker object at 0x75886b23a030>.submits
_______________ test_b2_arbitrary_quantities_do_not_collide[1.0] _______________
tests/wiring/test_journaled_broker_idempotency.py:231: in test_b2_arbitrary_quantities_do_not_collide
    assert len(inner.submits) == 2, f"collision at quantity={quantity}"
E   AssertionError: collision at quantity=1.0
E   assert 1 == 2
E    +  where 1 = len(['1'])
E    +    where ['1'] = <test_journaled_broker_idempotency._CountingBroker object at 0x75886b252350>.submits
_______________ test_b2_arbitrary_quantities_do_not_collide[4.0] _______________
tests/wiring/test_journaled_broker_idempotency.py:231: in test_b2_arbitrary_quantities_do_not_collide
    assert len(inner.submits) == 2, f"collision at quantity={quantity}"
E   AssertionError: collision at quantity=4.0
E   assert 1 == 2
E    +  where 1 = len(['1'])
E    +    where ['1'] = <test_journaled_broker_idempotency._CountingBroker object at 0x75886b252890>.submits
____________ test_b2_arbitrary_quantities_do_not_collide[1234.5678] ____________
tests/wiring/test_journaled_broker_idempotency.py:231: in test_b2_arbitrary_quantities_do_not_collide
    assert len(inner.submits) == 2, f"collision at quantity={quantity}"
E   AssertionError: collision at quantity=1234.5678
E   assert 1 == 2
E    +  where 1 = len(['1'])
E    +    where ['1'] = <test_journaled_broker_idempotency._CountingBroker object at 0x75886b2d60d0>.submits
=========================== short test summary info ============================
FAILED tests/wiring/test_journaled_broker_idempotency.py::TestB2DistinctIntentSubmits::test_second_flatten_of_same_size_submits
FAILED tests/wiring/test_journaled_broker_idempotency.py::TestB2NoClientOrderIdStillUniquePerCall::test_consecutive_idempotent_flatten_calls_both_submit
FAILED tests/wiring/test_journaled_broker_idempotency.py::test_b2_arbitrary_quantities_do_not_collide[0.001]
FAILED tests/wiring/test_journaled_broker_idempotency.py::test_b2_arbitrary_quantities_do_not_collide[1.0]
FAILED tests/wiring/test_journaled_broker_idempotency.py::test_b2_arbitrary_quantities_do_not_collide[4.0]
FAILED tests/wiring/test_journaled_broker_idempotency.py::test_b2_arbitrary_quantities_do_not_collide[1234.5678]
========================= 6 failed, 7 passed in 0.56s ==========================
