# B-2 negative run (pre-fix)
# command: PYTHONPATH=src python3 -m pytest tests/wiring/test_journaled_broker_idempotency.py -p no:randomly --no-cov -q
# recorded: 2026-10-03T16:44:25Z
# result: 9 failed, 4 passed
# failing: distinct 2nd intent was REPLAYED instead of submitted
# passing (must not regress): true-retry replays x3, intent-only->pending

============================= test session starts ==============================
platform linux -- Python 3.14.4, pytest-9.1.1, pluggy-1.6.0
rootdir: /home/daniel-muhoro/workspace/projects/TraderOS
configfile: pyproject.toml
plugins: anyio-4.14.2, cov-7.1.0, typeguard-4.4.4
collected 13 items

tests/wiring/test_journaled_broker_idempotency.py FFF.F..F.FFFF          [100%]

=================================== FAILURES ===================================
_____ TestB2DistinctIntentSubmits.test_second_flatten_of_same_size_submits _____
tests/wiring/test_journaled_broker_idempotency.py:99: in test_second_flatten_of_same_size_submits
    assert len(inner.submits) == 2, (
E   AssertionError: two distinct flatten intents must both submit; broker saw 1
E   assert 1 == 2
E    +  where 1 = len(['1'])
E    +    where ['1'] = <test_journaled_broker_idempotency._CountingBroker object at 0x7b91e5794c20>.submits
___ TestB2DistinctIntentSubmits.test_second_market_order_same_shape_submits ____
tests/wiring/test_journaled_broker_idempotency.py:113: in test_second_market_order_same_shape_submits
    jb.place_market_order(mid, "buy", 2.0, close_price=100.0, client_order_id=a)
src/traderos/infrastructure/journaled_broker.py:143: in place_market_order
    return self._submit(
src/traderos/infrastructure/journaled_broker.py:88: in _submit
    existing = self._journal.get(key)
               ^^^^^^^^^^^^^^^^^^^^^^
src/traderos/infrastructure/journal.py:52: in get
    row = self.conn.execute(
E   sqlite3.ProgrammingError: Error binding parameter 1: type 'UUID' is not supported
_ TestB2DistinctIntentSubmits.test_flatten_across_a_restart_still_submits_a_new_intent _
tests/wiring/test_journaled_broker_idempotency.py:125: in test_flatten_across_a_restart_still_submits_a_new_intent
    JournaledBroker(first, journal).place_flatten_order(
E   TypeError: JournaledBroker.place_flatten_order() got an unexpected keyword argument 'client_order_id'
____ TestB2TrueRetryStillReplays.test_same_client_order_id_replays_flatten _____
tests/wiring/test_journaled_broker_idempotency.py:160: in test_same_client_order_id_replays_flatten
    r1 = jb.place_flatten_order(mid, "sell", 4.0, close_price=100.0, client_order_id=cid)
         ^^^^^^^^^^^^^^^^^^^^^^^^^^^^^^^^^^^^^^^^^^^^^^^^^^^^^^^^^^^^^^^^^^^^^^^^^^^^^^^^
E   TypeError: JournaledBroker.place_flatten_order() got an unexpected keyword argument 'client_order_id'
_ TestB2NoClientOrderIdStillUniquePerCall.test_consecutive_idempotent_flatten_calls_both_submit _
tests/wiring/test_journaled_broker_idempotency.py:216: in test_consecutive_idempotent_flatten_calls_both_submit
    assert len(inner.submits) == 3
E   AssertionError: assert 1 == 3
E    +  where 1 = len(['1'])
E    +    where ['1'] = <test_journaled_broker_idempotency._CountingBroker object at 0x7b91e57afa50>.submits
______________ test_b2_arbitrary_quantities_do_not_collide[0.001] ______________
tests/wiring/test_journaled_broker_idempotency.py:234: in test_b2_arbitrary_quantities_do_not_collide
    assert len(inner.submits) == 2, f"collision at quantity={quantity}"
E   AssertionError: collision at quantity=0.001
E   assert 1 == 2
E    +  where 1 = len(['1'])
E    +    where ['1'] = <test_journaled_broker_idempotency._CountingBroker object at 0x7b91e5720aa0>.submits
_______________ test_b2_arbitrary_quantities_do_not_collide[1.0] _______________
tests/wiring/test_journaled_broker_idempotency.py:234: in test_b2_arbitrary_quantities_do_not_collide
    assert len(inner.submits) == 2, f"collision at quantity={quantity}"
E   AssertionError: collision at quantity=1.0
E   assert 1 == 2
E    +  where 1 = len(['1'])
E    +    where ['1'] = <test_journaled_broker_idempotency._CountingBroker object at 0x7b91e5721c70>.submits
_______________ test_b2_arbitrary_quantities_do_not_collide[4.0] _______________
tests/wiring/test_journaled_broker_idempotency.py:234: in test_b2_arbitrary_quantities_do_not_collide
    assert len(inner.submits) == 2, f"collision at quantity={quantity}"
E   AssertionError: collision at quantity=4.0
E   assert 1 == 2
E    +  where 1 = len(['1'])
E    +    where ['1'] = <test_journaled_broker_idempotency._CountingBroker object at 0x7b91e5642f90>.submits
____________ test_b2_arbitrary_quantities_do_not_collide[1234.5678] ____________
tests/wiring/test_journaled_broker_idempotency.py:234: in test_b2_arbitrary_quantities_do_not_collide
    assert len(inner.submits) == 2, f"collision at quantity={quantity}"
E   AssertionError: collision at quantity=1234.5678
E   assert 1 == 2
E    +  where 1 = len(['1'])
E    +    where ['1'] = <test_journaled_broker_idempotency._CountingBroker object at 0x7b91e56433f0>.submits
=========================== short test summary info ============================
FAILED tests/wiring/test_journaled_broker_idempotency.py::TestB2DistinctIntentSubmits::test_second_flatten_of_same_size_submits
FAILED tests/wiring/test_journaled_broker_idempotency.py::TestB2DistinctIntentSubmits::test_second_market_order_same_shape_submits
FAILED tests/wiring/test_journaled_broker_idempotency.py::TestB2DistinctIntentSubmits::test_flatten_across_a_restart_still_submits_a_new_intent
FAILED tests/wiring/test_journaled_broker_idempotency.py::TestB2TrueRetryStillReplays::test_same_client_order_id_replays_flatten
FAILED tests/wiring/test_journaled_broker_idempotency.py::TestB2NoClientOrderIdStillUniquePerCall::test_consecutive_idempotent_flatten_calls_both_submit
FAILED tests/wiring/test_journaled_broker_idempotency.py::test_b2_arbitrary_quantities_do_not_collide[0.001]
FAILED tests/wiring/test_journaled_broker_idempotency.py::test_b2_arbitrary_quantities_do_not_collide[1.0]
FAILED tests/wiring/test_journaled_broker_idempotency.py::test_b2_arbitrary_quantities_do_not_collide[4.0]
FAILED tests/wiring/test_journaled_broker_idempotency.py::test_b2_arbitrary_quantities_do_not_collide[1234.5678]
========================= 9 failed, 4 passed in 0.61s ==========================
